baseline: compute=291.9 ms  peak_mem=10061.2 MB  bottleneck=539.5 MB (5.4% of peak)
sweeping 51 ratios x 3 repeats...
  ratio 0.100  budget   1006.1 MB  overhead   2.223x  ok                  (4.4s)
  ratio 0.101  budget   1016.2 MB  overhead   2.223x  ok                  (4.4s)
  ratio 0.102  budget   1026.2 MB  overhead       --  oom                 (1.5s)
  ratio 0.103  budget   1036.3 MB  overhead       --  oom                 (1.4s)
  ratio 0.104  budget   1046.4 MB  overhead       --  oom                 (1.4s)
  ratio 0.105  budget   1056.4 MB  overhead       --  oom                 (1.5s)
  ratio 0.106  budget   1066.5 MB  overhead       --  oom                 (1.4s)
  ratio 0.107  budget   1076.5 MB  overhead   2.077x  ok                  (4.6s)
  ratio 0.108  budget   1086.6 MB  overhead   2.077x  ok                  (4.1s)
  ratio 0.109  budget   1096.7 MB  overhead   2.077x  ok                  (4.1s)
  ratio 0.110  budget   1106.7 MB  overhead   2.077x  ok                  (4.4s)
  ratio 0.111  budget   1116.8 MB  overhead   3.212x  ok                  (5.1s)
  ratio 0.112  budget   1126.9 MB  overhead   3.212x  ok                  (5.5s)
  ratio 0.113  budget   1136.9 MB  overhead   3.212x  ok                  (5.6s)
  ratio 0.114  budget   1147.0 MB  overhead   3.212x  ok                  (5.5s)
  ratio 0.115  budget   1157.0 MB  overhead   3.212x  ok                  (5.0s)
  ratio 0.116  budget   1167.1 MB  overhead   3.330x  ok                  (5.9s)
  ratio 0.117  budget   1177.2 MB  overhead   3.330x  ok                  (5.2s)
  ratio 0.118  budget   1187.2 MB  overhead   3.330x  ok                  (5.3s)
  ratio 0.119  budget   1197.3 MB  overhead   3.330x  ok                  (5.3s)
  ratio 0.120  budget   1207.3 MB  overhead   2.933x  ok                  (4.1s)
  ratio 0.121  budget   1217.4 MB  overhead   2.933x  ok                  (3.9s)
  ratio 0.122  budget   1227.5 MB  overhead   2.933x  ok                  (3.7s)
  ratio 0.123  budget   1237.5 MB  overhead   2.933x  ok                  (4.0s)
  ratio 0.124  budget   1247.6 MB  overhead   2.933x  ok                  (3.9s)
  ratio 0.125  budget   1257.6 MB  overhead   2.924x  ok                  (3.7s)
  ratio 0.126  budget   1267.7 MB  overhead   2.924x  ok                  (3.7s)
  ratio 0.127  budget   1277.8 MB  overhead   2.924x  ok                  (3.9s)
  ratio 0.128  budget   1287.8 MB  overhead   2.924x  ok                  (3.8s)
  ratio 0.129  budget   1297.9 MB  overhead   2.903x  ok                  (3.7s)
  ratio 0.130  budget   1308.0 MB  overhead   2.903x  ok                  (3.7s)
  ratio 0.131  budget   1318.0 MB  overhead   2.903x  ok                  (3.7s)
  ratio 0.132  budget   1328.1 MB  overhead   2.903x  ok                  (3.6s)
  ratio 0.133  budget   1338.1 MB  overhead   2.903x  ok                  (3.4s)
  ratio 0.134  budget   1348.2 MB  overhead   2.881x  ok                  (3.6s)
  ratio 0.135  budget   1358.3 MB  overhead   2.881x  ok                  (3.4s)
  ratio 0.136  budget   1368.3 MB  overhead   2.881x  ok                  (2.9s)
  ratio 0.137  budget   1378.4 MB  overhead   2.881x  ok                  (2.7s)
  ratio 0.138  budget   1388.4 MB  overhead   2.667x  ok                  (2.7s)
  ratio 0.139  budget   1398.5 MB  overhead   2.667x  ok                  (2.8s)
  ratio 0.140  budget   1408.6 MB  overhead   2.667x  ok                  (2.6s)
  ratio 0.141  budget   1418.6 MB  overhead   2.667x  ok                  (2.8s)
  ratio 0.142  budget   1428.7 MB  overhead   2.667x  ok                  (2.6s)
  ratio 0.143  budget   1438.7 MB  overhead   2.718x  ok                  (3.3s)
  ratio 0.144  budget   1448.8 MB  overhead   2.718x  ok                  (3.2s)
  ratio 0.145  budget   1458.9 MB  overhead   2.718x  ok                  (3.4s)
  ratio 0.146  budget   1468.9 MB  overhead   2.718x  ok                  (3.5s)
  ratio 0.147  budget   1479.0 MB  overhead   1.843x  ok                  (3.4s)
  ratio 0.148  budget   1489.1 MB  overhead   1.843x  ok                  (3.5s)
  ratio 0.149  budget   1499.1 MB  overhead   1.843x  ok                  (3.5s)
  ratio 0.150  budget   1509.2 MB  overhead   1.843x  ok                  (3.2s)
wrote results/resnet_fine.json
